2025-01-15 08:00:00 INFO Application started successfully
2025-01-15 08:00:01 INFO Loading configuration from config.yaml
2025-01-15 08:00:02 INFO Database connection established
2025-01-15 08:00:05 WARNING Disk space usage at 85%
2025-01-15 08:00:06 INFO Processing user request #1234
2025-01-15 08:00:07 INFO User authentication completed
2025-01-15 08:00:10 ERROR Failed to connect to external API: timeout
2025-01-15 08:00:11 WARNING Retry attempt 1/3 for external API
2025-01-15 08:00:12 INFO Cache refreshed successfully
2025-01-15 08:00:15 ERROR Database query failed: connection lost
2025-01-15 08:00:16 WARNING Connection pool running low (2/10 available)
2025-01-15 08:00:17 INFO Reconnecting to database...
2025-01-15 08:00:18 INFO Database reconnection successful
2025-01-15 08:00:20 INFO Scheduled job: data_cleanup started
2025-01-15 08:00:22 INFO Scheduled job: data_cleanup completed
2025-01-15 08:00:25 WARNING Memory usage exceeds threshold: 1.2GB
2025-01-15 08:00:30 ERROR Unhandled exception in worker thread: KeyError
2025-01-15 08:00:31 INFO Worker thread restarted successfully
2025-01-15 08:00:35 INFO Health check passed
2025-01-15 08:00:40 INFO Application shutdown initiated
